login as: ubuntu
Authenticating with public key "imported-openssh-key"
Welcome to Ubuntu 18.04.6 LTS (GNU/Linux 5.4.0-1058-aws x86_64)

 * Documentation:  https://help.ubuntu.com
 * Management:     https://landscape.canonical.com
 * Support:        https://ubuntu.com/advantage

  System information as of Thu Dec  2 01:53:11 UTC 2021

  System load:  0.13              Processes:           118
  Usage of /:   1.2% of 96.88GB   Users logged in:     0
  Memory usage: 2%                IP address for eth0: 172.31.17.176
  Swap usage:   0%

0 updates can be applied immediately.



The programs included with the Ubuntu system are free software;
the exact distribution terms for each program are described in the
individual files in /usr/share/doc/*/copyright.

Ubuntu comes with ABSOLUTELY NO WARRANTY, to the extent permitted by
applicable law.

To run a command as administrator (user "root"), use "sudo <command>".
See "man sudo_root" for details.

ubuntu@ip-172-31-17-176:~$ sudo -i
root@ip-172-31-17-176:~# passwd root
Enter new UNIX password:
Retype new UNIX password:
passwd: password updated successfully
root@ip-172-31-17-176:~# vi /etc/ssh/sshd_config
root@ip-172-31-17-176:~# service sshd restart
root@ip-172-31-17-176:~# apt update -y
Hit:1 http://us-east-2.ec2.archive.ubuntu.com/ubuntu bionic InRelease
Get:2 http://us-east-2.ec2.archive.ubuntu.com/ubuntu bionic-updates InRelease [88.7 kB]
Get:3 http://us-east-2.ec2.archive.ubuntu.com/ubuntu bionic-backports InRelease [74.6 kB]
Get:4 http://us-east-2.ec2.archive.ubuntu.com/ubuntu bionic/universe amd64 Packages [8570 kB]
Get:5 http://security.ubuntu.com/ubuntu bionic-security InRelease [88.7 kB]
Get:6 http://us-east-2.ec2.archive.ubuntu.com/ubuntu bionic/universe Translation-en [4941 kB]
Get:7 http://us-east-2.ec2.archive.ubuntu.com/ubuntu bionic/multiverse amd64 Packages [151 kB]
Get:8 http://us-east-2.ec2.archive.ubuntu.com/ubuntu bionic/multiverse Translation-en [108 kB]
Get:9 http://us-east-2.ec2.archive.ubuntu.com/ubuntu bionic-updates/main amd64 Packages [2326 kB]
Get:10 http://us-east-2.ec2.archive.ubuntu.com/ubuntu bionic-updates/main Translation-en [448 kB]
Get:11 http://us-east-2.ec2.archive.ubuntu.com/ubuntu bionic-updates/restricted amd64 Packages [558 kB]
Get:12 http://us-east-2.ec2.archive.ubuntu.com/ubuntu bionic-updates/restricted Translation-en [76.0 kB]
Get:13 http://us-east-2.ec2.archive.ubuntu.com/ubuntu bionic-updates/universe amd64 Packages [1768 kB]
Get:14 http://us-east-2.ec2.archive.ubuntu.com/ubuntu bionic-updates/universe Translation-en [382 kB]
Get:15 http://us-east-2.ec2.archive.ubuntu.com/ubuntu bionic-updates/multiverse amd64 Packages [27.3 kB]
Get:16 http://us-east-2.ec2.archive.ubuntu.com/ubuntu bionic-updates/multiverse Translation-en [6808 B]
Get:17 http://us-east-2.ec2.archive.ubuntu.com/ubuntu bionic-backports/main amd64 Packages [10.0 kB]
Get:18 http://us-east-2.ec2.archive.ubuntu.com/ubuntu bionic-backports/main Translation-en [4764 B]
Get:19 http://us-east-2.ec2.archive.ubuntu.com/ubuntu bionic-backports/universe amd64 Packages [10.3 kB]
Get:20 http://us-east-2.ec2.archive.ubuntu.com/ubuntu bionic-backports/universe Translation-en [4588 B]
Get:21 http://security.ubuntu.com/ubuntu bionic-security/main amd64 Packages [1981 kB]
Get:22 http://security.ubuntu.com/ubuntu bionic-security/main Translation-en [355 kB]
Get:23 http://security.ubuntu.com/ubuntu bionic-security/restricted amd64 Packages [534 kB]
Get:24 http://security.ubuntu.com/ubuntu bionic-security/restricted Translation-en [72.4 kB]
Get:25 http://security.ubuntu.com/ubuntu bionic-security/universe amd64 Packages [1151 kB]
Get:26 http://security.ubuntu.com/ubuntu bionic-security/universe Translation-en [265 kB]
Get:27 http://security.ubuntu.com/ubuntu bionic-security/multiverse amd64 Packages [20.9 kB]
Get:28 http://security.ubuntu.com/ubuntu bionic-security/multiverse Translation-en [4732 B]
Fetched 24.0 MB in 4s (5446 kB/s)
Reading package lists... Done
Building dependency tree
Reading state information... Done
28 packages can be upgraded. Run 'apt list --upgradable' to see them.
root@ip-172-31-17-176:~# apt install python -y
Reading package lists... Done
Building dependency tree
Reading state information... Done
The following additional packages will be installed:
  libpython-stdlib libpython2.7-minimal libpython2.7-stdlib python-minimal python2.7
  python2.7-minimal
Suggested packages:
  python-doc python-tk python2.7-doc binutils binfmt-support
The following NEW packages will be installed:
  libpython-stdlib libpython2.7-minimal libpython2.7-stdlib python python-minimal python2.7
  python2.7-minimal
0 upgraded, 7 newly installed, 0 to remove and 28 not upgraded.
Need to get 3967 kB of archives.
After this operation, 16.8 MB of additional disk space will be used.
Get:1 http://us-east-2.ec2.archive.ubuntu.com/ubuntu bionic-updates/main amd64 libpython2.7-minimal amd64 2.7.17-1~18.04ubuntu1.6 [335 kB]
Get:2 http://us-east-2.ec2.archive.ubuntu.com/ubuntu bionic-updates/main amd64 python2.7-minimal amd64 2.7.17-1~18.04ubuntu1.6 [1291 kB]
Get:3 http://us-east-2.ec2.archive.ubuntu.com/ubuntu bionic/main amd64 python-minimal amd64 2.7.15~rc1-1 [28.1 kB]
Get:4 http://us-east-2.ec2.archive.ubuntu.com/ubuntu bionic-updates/main amd64 libpython2.7-stdlib amd64 2.7.17-1~18.04ubuntu1.6 [1917 kB]
Get:5 http://us-east-2.ec2.archive.ubuntu.com/ubuntu bionic-updates/main amd64 python2.7 amd64 2.7.17-1~18.04ubuntu1.6 [248 kB]
Get:6 http://us-east-2.ec2.archive.ubuntu.com/ubuntu bionic/main amd64 libpython-stdlib amd64 2.7.15~rc1-1 [7620 B]
Get:7 http://us-east-2.ec2.archive.ubuntu.com/ubuntu bionic/main amd64 python amd64 2.7.15~rc1-1 [140 kB]
Fetched 3967 kB in 0s (41.6 MB/s)
Selecting previously unselected package libpython2.7-minimal:amd64.
(Reading database ... 57575 files and directories currently installed.)
Preparing to unpack .../0-libpython2.7-minimal_2.7.17-1~18.04ubuntu1.6_amd64.deb ...
Unpacking libpython2.7-minimal:amd64 (2.7.17-1~18.04ubuntu1.6) ...
Selecting previously unselected package python2.7-minimal.
Preparing to unpack .../1-python2.7-minimal_2.7.17-1~18.04ubuntu1.6_amd64.deb ...
Unpacking python2.7-minimal (2.7.17-1~18.04ubuntu1.6) ...
Selecting previously unselected package python-minimal.
Preparing to unpack .../2-python-minimal_2.7.15~rc1-1_amd64.deb ...
Unpacking python-minimal (2.7.15~rc1-1) ...
Selecting previously unselected package libpython2.7-stdlib:amd64.
Preparing to unpack .../3-libpython2.7-stdlib_2.7.17-1~18.04ubuntu1.6_amd64.deb ...
Unpacking libpython2.7-stdlib:amd64 (2.7.17-1~18.04ubuntu1.6) ...
Selecting previously unselected package python2.7.
Preparing to unpack .../4-python2.7_2.7.17-1~18.04ubuntu1.6_amd64.deb ...
Unpacking python2.7 (2.7.17-1~18.04ubuntu1.6) ...
Selecting previously unselected package libpython-stdlib:amd64.
Preparing to unpack .../5-libpython-stdlib_2.7.15~rc1-1_amd64.deb ...
Unpacking libpython-stdlib:amd64 (2.7.15~rc1-1) ...
Setting up libpython2.7-minimal:amd64 (2.7.17-1~18.04ubuntu1.6) ...
Setting up python2.7-minimal (2.7.17-1~18.04ubuntu1.6) ...
Linking and byte-compiling packages for runtime python2.7...
Setting up python-minimal (2.7.15~rc1-1) ...
Selecting previously unselected package python.
(Reading database ... 58323 files and directories currently installed.)
Preparing to unpack .../python_2.7.15~rc1-1_amd64.deb ...
Unpacking python (2.7.15~rc1-1) ...
Setting up libpython2.7-stdlib:amd64 (2.7.17-1~18.04ubuntu1.6) ...
Setting up python2.7 (2.7.17-1~18.04ubuntu1.6) ...
Setting up libpython-stdlib:amd64 (2.7.15~rc1-1) ...
Setting up python (2.7.15~rc1-1) ...
Processing triggers for man-db (2.8.3-2ubuntu0.1) ...
Processing triggers for mime-support (3.60ubuntu1) ...
root@ip-172-31-17-176:~# ifconfig
eth0: flags=4163<UP,BROADCAST,RUNNING,MULTICAST>  mtu 9001
        inet 172.31.17.176  netmask 255.255.240.0  broadcast 172.31.31.255
        inet6 fe80::4b2:59ff:fe0c:463a  prefixlen 64  scopeid 0x20<link>
        ether 06:b2:59:0c:46:3a  txqueuelen 1000  (Ethernet)
        RX packets 21788  bytes 29270907 (29.2 MB)
        RX errors 0  dropped 0  overruns 0  frame 0
        TX packets 3911  bytes 390645 (390.6 KB)
        TX errors 0  dropped 0 overruns 0  carrier 0  collisions 0

lo: flags=73<UP,LOOPBACK,RUNNING>  mtu 65536
        inet 127.0.0.1  netmask 255.0.0.0
        inet6 ::1  prefixlen 128  scopeid 0x10<host>
        loop  txqueuelen 1000  (Local Loopback)
        RX packets 106  bytes 9970 (9.9 KB)
        RX errors 0  dropped 0  overruns 0  frame 0
        TX packets 106  bytes 9970 (9.9 KB)
        TX errors 0  dropped 0 overruns 0  carrier 0  collisions 0

root@ip-172-31-17-176:~# cd /opt
root@ip-172-31-17-176:/opt# ls
abc.txt
root@ip-172-31-17-176:/opt# ls
abc.txt  apache-tomcat-8.5.3.tar.gz  cab.txt
root@ip-172-31-17-176:/opt# history
    1  passwd root
    2  vi /etc/ssh/sshd_config
    3  service sshd restart
    4  apt update -y
    5  apt install python -y
    6  ifconfig
    7  cd /opt
    8  ls
    9  history
root@ip-172-31-17-176:/opt#
